[record_sysid] 저장: /home/misys/forza_ws/race_stack//home/misys/forza_ws/race_stack/sysid_circle_0821_060147/bag  (토픽 17개)
stdin is not a terminal device. Keyboard handling disabled.[INFO] [1787259724.261796287] [rosbag2_recorder]: Press SPACE for pausing/resuming
[INFO] [1787259724.266957893] [rosbag2_storage]: Opened database '/home/misys/forza_ws/race_stack/sysid_circle_0821_060147/bag/bag_0.db3' for READ_WRITE.
[INFO] [1787259724.268580275] [rosbag2_recorder]: Listening for topics...
[INFO] [1787259724.268946831] [rosbag2_recorder]: Recording...
[INFO] [1787259724.269170125] [rosbag2_recorder]: Event publisher thread: Starting
[INFO] [1787259725.689813345] [rosbag2_recorder]: Subscribed to topic '/commands/motor/speed'
[INFO] [1787259725.695058790] [rosbag2_recorder]: Subscribed to topic '/commands/servo/position'
[INFO] [1787259725.808559571] [rosbag2_recorder]: Subscribed to topic '/car_state/odom'
[INFO] [1787259725.815863937] [rosbag2_recorder]: Subscribed to topic '/car_state/pose'
[INFO] [1787259725.825680436] [rosbag2_recorder]: Subscribed to topic '/ekf_odom'
[INFO] [1787259725.834765166] [rosbag2_recorder]: Subscribed to topic '/ekf_pose'
[INFO] [1787259725.869558762] [rosbag2_recorder]: Subscribed to topic '/tf'
[INFO] [1787259725.878438022] [rosbag2_recorder]: Subscribed to topic '/tf_static'
[INFO] [1787259725.996243299] [rosbag2_recorder]: Subscribed to topic '/sensors/servo_position_command'
[INFO] [1787259726.002414206] [rosbag2_recorder]: Subscribed to topic '/sensors/imu/raw'
[INFO] [1787259726.005736249] [rosbag2_recorder]: Subscribed to topic '/sensors/imu'
[INFO] [1787259726.009647054] [rosbag2_recorder]: Subscribed to topic '/sensors/core'
[INFO] [1787259726.013299141] [rosbag2_recorder]: Subscribed to topic '/ndt_pose'
[INFO] [1787259726.019026053] [rosbag2_recorder]: Subscribed to topic '/drive'
[INFO] [1787259726.371031956] [rosbag2_recorder]: Subscribed to topic '/odom'
[INFO] [1787259726.377623979] [rosbag2_recorder]: Subscribed to topic '/joy'
[INFO] [1787259726.733370288] [rosbag2_recorder]: Subscribed to topic '/commands/motor/current'
[INFO] [1787259726.733470959] [rosbag2_recorder]: All requested topics are subscribed. Stopping discovery...
[INFO] [1787259746.006498943] [rosbag2_cpp]: Writing remaining messages from cache to the bag. It may take a while
[INFO] [1787259746.008983397] [rosbag2_recorder]: Event publisher thread: Exiting
[INFO] [1787259746.009203010] [rosbag2_recorder]: Recording stopped
