[record_sysid] 저장: /home/misys/forza_ws/race_stack//home/misys/forza_ws/race_stack/sysid_circle_0821_025140/bag  (토픽 17개)
stdin is not a terminal device. Keyboard handling disabled.[INFO] [1787248322.118590313] [rosbag2_recorder]: Press SPACE for pausing/resuming
[INFO] [1787248322.124748194] [rosbag2_storage]: Opened database '/home/misys/forza_ws/race_stack/sysid_circle_0821_025140/bag/bag_0.db3' for READ_WRITE.
[INFO] [1787248322.128229494] [rosbag2_recorder]: Listening for topics...
[INFO] [1787248322.128233686] [rosbag2_recorder]: Event publisher thread: Starting
[INFO] [1787248322.128902087] [rosbag2_recorder]: Recording...
[INFO] [1787248322.542390881] [rosbag2_recorder]: Subscribed to topic '/car_state/odom'
[INFO] [1787248322.548172163] [rosbag2_recorder]: Subscribed to topic '/car_state/pose'
[INFO] [1787248322.659419173] [rosbag2_recorder]: Subscribed to topic '/drive'
[INFO] [1787248323.647354497] [rosbag2_recorder]: Subscribed to topic '/tf'
[INFO] [1787248323.657598530] [rosbag2_recorder]: Subscribed to topic '/ekf_odom'
[INFO] [1787248323.664525866] [rosbag2_recorder]: Subscribed to topic '/ekf_pose'
[INFO] [1787248323.673184813] [rosbag2_recorder]: Subscribed to topic '/joy'
[INFO] [1787248323.679060397] [rosbag2_recorder]: Subscribed to topic '/ndt_pose'
[INFO] [1787248323.694492252] [rosbag2_recorder]: Subscribed to topic '/odom'
[INFO] [1787248323.700732116] [rosbag2_recorder]: Subscribed to topic '/tf_static'
[INFO] [1787248323.822419443] [rosbag2_recorder]: Subscribed to topic '/commands/motor/speed'
[INFO] [1787248323.828112023] [rosbag2_recorder]: Subscribed to topic '/commands/servo/position'
[INFO] [1787248324.213468250] [rosbag2_recorder]: Subscribed to topic '/sensors/imu/raw'
[INFO] [1787248324.223687387] [rosbag2_recorder]: Subscribed to topic '/sensors/imu'
[INFO] [1787248324.232965361] [rosbag2_recorder]: Subscribed to topic '/sensors/core'
[INFO] [1787248324.240921795] [rosbag2_recorder]: Subscribed to topic '/sensors/servo_position_command'
[INFO] [1787248324.493977295] [rosbag2_recorder]: Subscribed to topic '/commands/motor/current'
[INFO] [1787248324.494134604] [rosbag2_recorder]: All requested topics are subscribed. Stopping discovery...
[INFO] [1787248342.383387784] [rosbag2_cpp]: Writing remaining messages from cache to the bag. It may take a while
[INFO] [1787248342.387423056] [rosbag2_recorder]: Event publisher thread: Exiting
[INFO] [1787248342.387650891] [rosbag2_recorder]: Recording stopped
