[record_sysid] 저장: /home/misys/forza_ws/race_stack//home/misys/forza_ws/race_stack/sysid_circle_0821_024533/bag  (토픽 17개)
stdin is not a terminal device. Keyboard handling disabled.[INFO] [1787247950.306338104] [rosbag2_recorder]: Press SPACE for pausing/resuming
[INFO] [1787247950.311528493] [rosbag2_storage]: Opened database '/home/misys/forza_ws/race_stack/sysid_circle_0821_024533/bag/bag_0.db3' for READ_WRITE.
[INFO] [1787247950.313947437] [rosbag2_recorder]: Listening for topics...
[INFO] [1787247950.313977932] [rosbag2_recorder]: Event publisher thread: Starting
[INFO] [1787247950.314310723] [rosbag2_recorder]: Recording...
[INFO] [1787247950.424669337] [rosbag2_recorder]: Subscribed to topic '/car_state/odom'
[INFO] [1787247950.428664398] [rosbag2_recorder]: Subscribed to topic '/car_state/pose'
[INFO] [1787247950.643814448] [rosbag2_recorder]: Subscribed to topic '/drive'
[INFO] [1787247951.829496654] [rosbag2_recorder]: Subscribed to topic '/commands/motor/speed'
[INFO] [1787247951.834194417] [rosbag2_recorder]: Subscribed to topic '/commands/servo/position'
[INFO] [1787247951.841811237] [rosbag2_recorder]: Subscribed to topic '/tf'
[INFO] [1787247951.846342732] [rosbag2_recorder]: Subscribed to topic '/ndt_pose'
[INFO] [1787247951.851103789] [rosbag2_recorder]: Subscribed to topic '/tf_static'
[INFO] [1787247951.985470756] [rosbag2_recorder]: Subscribed to topic '/sensors/imu/raw'
[INFO] [1787247951.989281662] [rosbag2_recorder]: Subscribed to topic '/sensors/imu'
[INFO] [1787247951.993302066] [rosbag2_recorder]: Subscribed to topic '/odom'
[INFO] [1787247951.997791066] [rosbag2_recorder]: Subscribed to topic '/ekf_odom'
[INFO] [1787247952.002695607] [rosbag2_recorder]: Subscribed to topic '/sensors/core'
[INFO] [1787247952.009380964] [rosbag2_recorder]: Subscribed to topic '/joy'
[INFO] [1787247952.014672407] [rosbag2_recorder]: Subscribed to topic '/ekf_pose'
[INFO] [1787247952.024256215] [rosbag2_recorder]: Subscribed to topic '/sensors/servo_position_command'
[INFO] [1787247952.804584745] [rosbag2_recorder]: Subscribed to topic '/commands/motor/current'
[INFO] [1787247952.804781316] [rosbag2_recorder]: All requested topics are subscribed. Stopping discovery...
[INFO] [1787247970.361878444] [rosbag2_cpp]: Writing remaining messages from cache to the bag. It may take a while
[INFO] [1787247970.366620751] [rosbag2_recorder]: Event publisher thread: Exiting
[INFO] [1787247970.366897320] [rosbag2_recorder]: Recording stopped
