[record_sysid] 저장: /home/misys/forza_ws/race_stack//home/misys/forza_ws/race_stack/sysid_circle_0821_061105/bag  (토픽 17개)
stdin is not a terminal device. Keyboard handling disabled.[INFO] [1787260281.826847485] [rosbag2_recorder]: Press SPACE for pausing/resuming
[INFO] [1787260281.833020984] [rosbag2_storage]: Opened database '/home/misys/forza_ws/race_stack/sysid_circle_0821_061105/bag/bag_0.db3' for READ_WRITE.
[INFO] [1787260281.837125130] [rosbag2_recorder]: Listening for topics...
[INFO] [1787260281.837131946] [rosbag2_recorder]: Event publisher thread: Starting
[INFO] [1787260281.852330401] [rosbag2_recorder]: Subscribed to topic '/odom'
[INFO] [1787260281.855738459] [rosbag2_recorder]: Subscribed to topic '/ndt_pose'
[INFO] [1787260281.860466214] [rosbag2_recorder]: Subscribed to topic '/joy'
[INFO] [1787260281.866960861] [rosbag2_recorder]: Subscribed to topic '/tf'
[INFO] [1787260281.871952422] [rosbag2_recorder]: Subscribed to topic '/drive'
[INFO] [1787260281.875634237] [rosbag2_recorder]: Subscribed to topic '/commands/servo/position'
[INFO] [1787260281.879481138] [rosbag2_recorder]: Subscribed to topic '/commands/motor/speed'
[INFO] [1787260281.883578372] [rosbag2_recorder]: Subscribed to topic '/car_state/pose'
[INFO] [1787260281.886639202] [rosbag2_recorder]: Subscribed to topic '/car_state/odom'
[INFO] [1787260281.886847200] [rosbag2_recorder]: Recording...
[INFO] [1787260282.557761229] [rosbag2_recorder]: Subscribed to topic '/ekf_odom'
[INFO] [1787260282.561043432] [rosbag2_recorder]: Subscribed to topic '/ekf_pose'
[INFO] [1787260282.822068461] [rosbag2_recorder]: Subscribed to topic '/tf_static'
[INFO] [1787260283.755815029] [rosbag2_recorder]: Subscribed to topic '/sensors/servo_position_command'
[INFO] [1787260283.765447210] [rosbag2_recorder]: Subscribed to topic '/sensors/imu/raw'
[INFO] [1787260283.769749562] [rosbag2_recorder]: Subscribed to topic '/sensors/core'
[INFO] [1787260283.887799960] [rosbag2_recorder]: Subscribed to topic '/sensors/imu'
[INFO] [1787260285.391271892] [rosbag2_recorder]: Subscribed to topic '/commands/motor/current'
[INFO] [1787260285.391403699] [rosbag2_recorder]: All requested topics are subscribed. Stopping discovery...
[INFO] [1787260319.093792445] [rosbag2_cpp]: Writing remaining messages from cache to the bag. It may take a while
[INFO] [1787260319.096483168] [rosbag2_recorder]: Event publisher thread: Exiting
[INFO] [1787260319.096757373] [rosbag2_recorder]: Recording stopped
