[record_sysid] 저장: /home/misys/forza_ws/race_stack//home/misys/forza_ws/race_stack/sysid_coast_0821_025531/bag  (토픽 17개)
stdin is not a terminal device. Keyboard handling disabled.[INFO] [1787248563.698302340] [rosbag2_recorder]: Press SPACE for pausing/resuming
[INFO] [1787248563.705084064] [rosbag2_storage]: Opened database '/home/misys/forza_ws/race_stack/sysid_coast_0821_025531/bag/bag_0.db3' for READ_WRITE.
[INFO] [1787248563.707334303] [rosbag2_recorder]: Listening for topics...
[INFO] [1787248563.707378976] [rosbag2_recorder]: Event publisher thread: Starting
[INFO] [1787248563.707968712] [rosbag2_recorder]: Recording...
[INFO] [1787248564.521256300] [rosbag2_recorder]: Subscribed to topic '/tf_static'
[INFO] [1787248564.641705101] [rosbag2_recorder]: Subscribed to topic '/commands/motor/speed'
[INFO] [1787248564.647565436] [rosbag2_recorder]: Subscribed to topic '/commands/servo/position'
[INFO] [1787248564.654405401] [rosbag2_recorder]: Subscribed to topic '/ekf_odom'
[INFO] [1787248564.661871742] [rosbag2_recorder]: Subscribed to topic '/ekf_pose'
[INFO] [1787248564.671137084] [rosbag2_recorder]: Subscribed to topic '/joy'
[INFO] [1787248564.678590785] [rosbag2_recorder]: Subscribed to topic '/sensors/core'
[INFO] [1787248564.686466252] [rosbag2_recorder]: Subscribed to topic '/odom'
[INFO] [1787248564.699723679] [rosbag2_recorder]: Subscribed to topic '/sensors/imu'
[INFO] [1787248564.711490783] [rosbag2_recorder]: Subscribed to topic '/sensors/imu/raw'
[INFO] [1787248564.717841397] [rosbag2_recorder]: Subscribed to topic '/sensors/servo_position_command'
[INFO] [1787248564.725432796] [rosbag2_recorder]: Subscribed to topic '/tf'
[INFO] [1787248564.860115774] [rosbag2_recorder]: Subscribed to topic '/ndt_pose'
[INFO] [1787248565.220972750] [rosbag2_recorder]: Subscribed to topic '/drive'
[INFO] [1787248565.225774191] [rosbag2_recorder]: Subscribed to topic '/car_state/pose'
[INFO] [1787248565.231927874] [rosbag2_recorder]: Subscribed to topic '/car_state/odom'
[INFO] [1787248567.230493332] [rosbag2_recorder]: Subscribed to topic '/commands/motor/current'
[INFO] [1787248567.230646198] [rosbag2_recorder]: All requested topics are subscribed. Stopping discovery...
[INFO] [1787248577.944111798] [rosbag2_cpp]: Writing remaining messages from cache to the bag. It may take a while
[INFO] [1787248577.947195998] [rosbag2_recorder]: Event publisher thread: Exiting
[INFO] [1787248577.948102089] [rosbag2_recorder]: Recording stopped
