[record_sysid] 저장: /home/misys/forza_ws/race_stack//home/misys/forza_ws/race_stack/sysid_circle_0821_055329/bag  (토픽 17개)
stdin is not a terminal device. Keyboard handling disabled.[INFO] [1787259226.958137419] [rosbag2_recorder]: Press SPACE for pausing/resuming
[INFO] [1787259226.963313202] [rosbag2_storage]: Opened database '/home/misys/forza_ws/race_stack/sysid_circle_0821_055329/bag/bag_0.db3' for READ_WRITE.
[INFO] [1787259226.965355651] [rosbag2_recorder]: Listening for topics...
[INFO] [1787259226.965362627] [rosbag2_recorder]: Event publisher thread: Starting
[INFO] [1787259226.965692689] [rosbag2_recorder]: Recording...
[INFO] [1787259227.687600115] [rosbag2_recorder]: Subscribed to topic '/commands/motor/speed'
[INFO] [1787259227.693759141] [rosbag2_recorder]: Subscribed to topic '/commands/servo/position'
[INFO] [1787259227.704514655] [rosbag2_recorder]: Subscribed to topic '/joy'
[INFO] [1787259227.828606725] [rosbag2_recorder]: Subscribed to topic '/ekf_odom'
[INFO] [1787259227.833343684] [rosbag2_recorder]: Subscribed to topic '/ekf_pose'
[INFO] [1787259227.837727223] [rosbag2_recorder]: Subscribed to topic '/sensors/core'
[INFO] [1787259227.842988410] [rosbag2_recorder]: Subscribed to topic '/ndt_pose'
[INFO] [1787259227.847005473] [rosbag2_recorder]: Subscribed to topic '/odom'
[INFO] [1787259227.851006281] [rosbag2_recorder]: Subscribed to topic '/sensors/imu'
[INFO] [1787259227.854978002] [rosbag2_recorder]: Subscribed to topic '/sensors/imu/raw'
[INFO] [1787259227.858911261] [rosbag2_recorder]: Subscribed to topic '/sensors/servo_position_command'
[INFO] [1787259227.866721078] [rosbag2_recorder]: Subscribed to topic '/tf'
[INFO] [1787259227.872070229] [rosbag2_recorder]: Subscribed to topic '/tf_static'
[INFO] [1787259228.348317070] [rosbag2_recorder]: Subscribed to topic '/drive'
[INFO] [1787259228.606246620] [rosbag2_recorder]: Subscribed to topic '/car_state/pose'
[INFO] [1787259228.612069794] [rosbag2_recorder]: Subscribed to topic '/car_state/odom'
[INFO] [1787259230.594206775] [rosbag2_recorder]: Subscribed to topic '/commands/motor/current'
[INFO] [1787259230.594318545] [rosbag2_recorder]: All requested topics are subscribed. Stopping discovery...
[INFO] [1787259248.418005056] [rosbag2_cpp]: Writing remaining messages from cache to the bag. It may take a while
[INFO] [1787259248.421715622] [rosbag2_recorder]: Event publisher thread: Exiting
[INFO] [1787259248.421979992] [rosbag2_recorder]: Recording stopped
