[record_sysid] 저장: /home/misys/forza_ws/race_stack//home/misys/forza_ws/race_stack/sysid_accel_0821_025320/bag  (토픽 17개)
stdin is not a terminal device. Keyboard handling disabled.[INFO] [1787248416.894605625] [rosbag2_recorder]: Press SPACE for pausing/resuming
[INFO] [1787248416.908319572] [rosbag2_storage]: Opened database '/home/misys/forza_ws/race_stack/sysid_accel_0821_025320/bag/bag_0.db3' for READ_WRITE.
[INFO] [1787248416.914121176] [rosbag2_recorder]: Event publisher thread: Starting
[INFO] [1787248416.914121240] [rosbag2_recorder]: Listening for topics...
[INFO] [1787248416.961869883] [rosbag2_recorder]: Subscribed to topic '/tf_static'
[INFO] [1787248416.972184991] [rosbag2_recorder]: Subscribed to topic '/drive'
[INFO] [1787248416.985779132] [rosbag2_recorder]: Subscribed to topic '/car_state/pose'
[INFO] [1787248416.995848197] [rosbag2_recorder]: Subscribed to topic '/car_state/odom'
[INFO] [1787248416.996171870] [rosbag2_recorder]: Recording...
[INFO] [1787248417.014848463] [rosbag2_recorder]: Subscribed to topic '/tf'
[INFO] [1787248417.018574079] [rosbag2_recorder]: Subscribed to topic '/ekf_odom'
[INFO] [1787248417.023696146] [rosbag2_recorder]: Subscribed to topic '/ekf_pose'
[INFO] [1787248417.027846553] [rosbag2_recorder]: Subscribed to topic '/ndt_pose'
[INFO] [1787248417.976562883] [rosbag2_recorder]: Subscribed to topic '/sensors/servo_position_command'
[INFO] [1787248418.004014136] [rosbag2_recorder]: Subscribed to topic '/sensors/imu/raw'
[INFO] [1787248418.008645045] [rosbag2_recorder]: Subscribed to topic '/sensors/core'
[INFO] [1787248418.018104363] [rosbag2_recorder]: Subscribed to topic '/commands/servo/position'
[INFO] [1787248418.023421113] [rosbag2_recorder]: Subscribed to topic '/sensors/imu'
[INFO] [1787248418.029452472] [rosbag2_recorder]: Subscribed to topic '/odom'
[INFO] [1787248418.035086560] [rosbag2_recorder]: Subscribed to topic '/commands/motor/speed'
[INFO] [1787248418.313679774] [rosbag2_recorder]: Subscribed to topic '/joy'
[INFO] [1787248418.686012842] [rosbag2_recorder]: Subscribed to topic '/commands/motor/current'
[INFO] [1787248418.686154567] [rosbag2_recorder]: All requested topics are subscribed. Stopping discovery...
[INFO] [1787248428.314625571] [rosbag2_cpp]: Writing remaining messages from cache to the bag. It may take a while
[INFO] [1787248428.318198359] [rosbag2_recorder]: Event publisher thread: Exiting
[INFO] [1787248428.318606542] [rosbag2_recorder]: Recording stopped
