[record_sysid] 저장: /home/misys/forza_ws/race_stack//home/misys/forza_ws/race_stack/sysid_circle_0821_061740/bag  (토픽 17개)
stdin is not a terminal device. Keyboard handling disabled.[INFO] [1787260675.803717454] [rosbag2_recorder]: Press SPACE for pausing/resuming
[INFO] [1787260675.811398001] [rosbag2_storage]: Opened database '/home/misys/forza_ws/race_stack/sysid_circle_0821_061740/bag/bag_0.db3' for READ_WRITE.
[INFO] [1787260675.814897814] [rosbag2_recorder]: Listening for topics...
[INFO] [1787260675.814917750] [rosbag2_recorder]: Event publisher thread: Starting
[INFO] [1787260675.836787753] [rosbag2_recorder]: Subscribed to topic '/tf_static'
[INFO] [1787260675.840935593] [rosbag2_recorder]: Subscribed to topic '/sensors/servo_position_command'
[INFO] [1787260675.849751555] [rosbag2_recorder]: Subscribed to topic '/sensors/imu/raw'
[INFO] [1787260675.855560277] [rosbag2_recorder]: Subscribed to topic '/sensors/imu'
[INFO] [1787260675.861424007] [rosbag2_recorder]: Subscribed to topic '/odom'
[INFO] [1787260675.873907429] [rosbag2_recorder]: Subscribed to topic '/sensors/core'
[INFO] [1787260675.881126380] [rosbag2_recorder]: Subscribed to topic '/joy'
[INFO] [1787260675.881405417] [rosbag2_recorder]: Recording...
[INFO] [1787260675.901927688] [rosbag2_recorder]: Subscribed to topic '/car_state/odom'
[INFO] [1787260675.907550875] [rosbag2_recorder]: Subscribed to topic '/car_state/pose'
[INFO] [1787260675.914604580] [rosbag2_recorder]: Subscribed to topic '/ekf_odom'
[INFO] [1787260675.920018681] [rosbag2_recorder]: Subscribed to topic '/ekf_pose'
[INFO] [1787260675.924973298] [rosbag2_recorder]: Subscribed to topic '/tf'
[INFO] [1787260676.041963128] [rosbag2_recorder]: Subscribed to topic '/commands/servo/position'
[INFO] [1787260676.044955776] [rosbag2_recorder]: Subscribed to topic '/ndt_pose'
[INFO] [1787260676.050031032] [rosbag2_recorder]: Subscribed to topic '/drive'
[INFO] [1787260676.053832122] [rosbag2_recorder]: Subscribed to topic '/commands/motor/speed'
[INFO] [1787260679.318395092] [rosbag2_recorder]: Subscribed to topic '/commands/motor/current'
[INFO] [1787260679.318535859] [rosbag2_recorder]: All requested topics are subscribed. Stopping discovery...
[INFO] [1787260713.045649402] [rosbag2_cpp]: Writing remaining messages from cache to the bag. It may take a while
[INFO] [1787260713.050602292] [rosbag2_recorder]: Event publisher thread: Exiting
[INFO] [1787260713.053120128] [rosbag2_recorder]: Recording stopped
