[record_sysid] 저장: /home/misys/forza_ws/race_stack//home/misys/forza_ws/race_stack/sysid_circle_0821_024756/bag  (토픽 17개)
stdin is not a terminal device. Keyboard handling disabled.[INFO] [1787248095.973987196] [rosbag2_recorder]: Press SPACE for pausing/resuming
[INFO] [1787248095.979315996] [rosbag2_storage]: Opened database '/home/misys/forza_ws/race_stack/sysid_circle_0821_024756/bag/bag_0.db3' for READ_WRITE.
[INFO] [1787248095.985360907] [rosbag2_recorder]: Listening for topics...
[INFO] [1787248095.985378986] [rosbag2_recorder]: Event publisher thread: Starting
[INFO] [1787248096.005281037] [rosbag2_recorder]: Subscribed to topic '/ndt_pose'
[INFO] [1787248096.009670244] [rosbag2_recorder]: Subscribed to topic '/ekf_pose'
[INFO] [1787248096.017571495] [rosbag2_recorder]: Subscribed to topic '/tf'
[INFO] [1787248096.023567895] [rosbag2_recorder]: Subscribed to topic '/drive'
[INFO] [1787248096.030397299] [rosbag2_recorder]: Subscribed to topic '/ekf_odom'
[INFO] [1787248096.035769298] [rosbag2_recorder]: Subscribed to topic '/commands/servo/position'
[INFO] [1787248096.041478570] [rosbag2_recorder]: Subscribed to topic '/commands/motor/speed'
[INFO] [1787248096.041768803] [rosbag2_recorder]: Recording...
[INFO] [1787248096.955792015] [rosbag2_recorder]: Subscribed to topic '/sensors/imu/raw'
[INFO] [1787248096.965449383] [rosbag2_recorder]: Subscribed to topic '/sensors/imu'
[INFO] [1787248096.976156614] [rosbag2_recorder]: Subscribed to topic '/odom'
[INFO] [1787248096.981635203] [rosbag2_recorder]: Subscribed to topic '/sensors/core'
[INFO] [1787248096.991028418] [rosbag2_recorder]: Subscribed to topic '/joy'
[INFO] [1787248096.998358898] [rosbag2_recorder]: Subscribed to topic '/car_state/pose'
[INFO] [1787248097.011368922] [rosbag2_recorder]: Subscribed to topic '/car_state/odom'
[INFO] [1787248097.018557262] [rosbag2_recorder]: Subscribed to topic '/sensors/servo_position_command'
[INFO] [1787248097.028135145] [rosbag2_recorder]: Subscribed to topic '/tf_static'
[INFO] [1787248099.531919964] [rosbag2_recorder]: Subscribed to topic '/commands/motor/current'
[INFO] [1787248099.532067225] [rosbag2_recorder]: All requested topics are subscribed. Stopping discovery...
[INFO] [1787248116.441899193] [rosbag2_cpp]: Writing remaining messages from cache to the bag. It may take a while
[INFO] [1787248116.450847205] [rosbag2_recorder]: Event publisher thread: Exiting
[INFO] [1787248116.451028257] [rosbag2_recorder]: Recording stopped
