[record_sysid] 저장: /home/misys/forza_ws/race_stack//home/misys/forza_ws/race_stack/sysid_circle_0821_055502/bag  (토픽 17개)
stdin is not a terminal device. Keyboard handling disabled.[INFO] [1787259318.279406438] [rosbag2_recorder]: Press SPACE for pausing/resuming
[INFO] [1787259318.284853425] [rosbag2_storage]: Opened database '/home/misys/forza_ws/race_stack/sysid_circle_0821_055502/bag/bag_0.db3' for READ_WRITE.
[INFO] [1787259318.287817405] [rosbag2_recorder]: Listening for topics...
[INFO] [1787259318.287855068] [rosbag2_recorder]: Event publisher thread: Starting
[INFO] [1787259318.297771608] [rosbag2_recorder]: Subscribed to topic '/tf'
[INFO] [1787259318.302971277] [rosbag2_recorder]: Subscribed to topic '/odom'
[INFO] [1787259318.303396668] [rosbag2_recorder]: Recording...
[INFO] [1787259318.414026166] [rosbag2_recorder]: Subscribed to topic '/tf_static'
[INFO] [1787259318.521446925] [rosbag2_recorder]: Subscribed to topic '/car_state/odom'
[INFO] [1787259318.524610065] [rosbag2_recorder]: Subscribed to topic '/car_state/pose'
[INFO] [1787259319.856537424] [rosbag2_recorder]: Subscribed to topic '/commands/motor/speed'
[INFO] [1787259319.863465058] [rosbag2_recorder]: Subscribed to topic '/commands/servo/position'
[INFO] [1787259319.869532214] [rosbag2_recorder]: Subscribed to topic '/ndt_pose'
[INFO] [1787259319.876315566] [rosbag2_recorder]: Subscribed to topic '/sensors/imu'
[INFO] [1787259319.886127503] [rosbag2_recorder]: Subscribed to topic '/sensors/core'
[INFO] [1787259319.899681983] [rosbag2_recorder]: Subscribed to topic '/sensors/imu/raw'
[INFO] [1787259319.908287728] [rosbag2_recorder]: Subscribed to topic '/sensors/servo_position_command'
[INFO] [1787259320.025444189] [rosbag2_recorder]: Subscribed to topic '/ekf_odom'
[INFO] [1787259320.030663539] [rosbag2_recorder]: Subscribed to topic '/joy'
[INFO] [1787259320.034283814] [rosbag2_recorder]: Subscribed to topic '/ekf_pose'
[INFO] [1787259320.040413144] [rosbag2_recorder]: Subscribed to topic '/drive'
[INFO] [1787259320.043915952] [rosbag2_recorder]: Subscribed to topic '/commands/motor/current'
[INFO] [1787259320.044011372] [rosbag2_recorder]: All requested topics are subscribed. Stopping discovery...
[INFO] [1787259355.698301520] [rosbag2_cpp]: Writing remaining messages from cache to the bag. It may take a while
[INFO] [1787259355.700920822] [rosbag2_recorder]: Event publisher thread: Exiting
[INFO] [1787259355.701051697] [rosbag2_recorder]: Recording stopped
