[record_sysid] 저장: /home/misys/forza_ws/race_stack//home/misys/forza_ws/race_stack/sysid_steer_0821_025755/bag  (토픽 17개)
stdin is not a terminal device. Keyboard handling disabled.[INFO] [1787248695.594982578] [rosbag2_recorder]: Press SPACE for pausing/resuming
[INFO] [1787248695.601524735] [rosbag2_storage]: Opened database '/home/misys/forza_ws/race_stack/sysid_steer_0821_025755/bag/bag_0.db3' for READ_WRITE.
[INFO] [1787248695.604105808] [rosbag2_recorder]: Listening for topics...
[INFO] [1787248695.604138449] [rosbag2_recorder]: Event publisher thread: Starting
[INFO] [1787248695.604624756] [rosbag2_recorder]: Recording...
[INFO] [1787248695.740711674] [rosbag2_recorder]: Subscribed to topic '/sensors/servo_position_command'
[INFO] [1787248695.757860368] [rosbag2_recorder]: Subscribed to topic '/sensors/imu/raw'
[INFO] [1787248695.767403953] [rosbag2_recorder]: Subscribed to topic '/tf_static'
[INFO] [1787248695.774327809] [rosbag2_recorder]: Subscribed to topic '/tf'
[INFO] [1787248695.783349279] [rosbag2_recorder]: Subscribed to topic '/drive'
[INFO] [1787248695.791585655] [rosbag2_recorder]: Subscribed to topic '/car_state/odom'
[INFO] [1787248695.797840130] [rosbag2_recorder]: Subscribed to topic '/car_state/pose'
[INFO] [1787248695.802878309] [rosbag2_recorder]: Subscribed to topic '/commands/motor/speed'
[INFO] [1787248695.808193001] [rosbag2_recorder]: Subscribed to topic '/ekf_pose'
[INFO] [1787248695.813803120] [rosbag2_recorder]: Subscribed to topic '/joy'
[INFO] [1787248695.817997133] [rosbag2_recorder]: Subscribed to topic '/sensors/core'
[INFO] [1787248695.823615667] [rosbag2_recorder]: Subscribed to topic '/ekf_odom'
[INFO] [1787248695.828524373] [rosbag2_recorder]: Subscribed to topic '/odom'
[INFO] [1787248695.833650040] [rosbag2_recorder]: Subscribed to topic '/commands/servo/position'
[INFO] [1787248695.837141200] [rosbag2_recorder]: Subscribed to topic '/sensors/imu'
[INFO] [1787248696.602659036] [rosbag2_recorder]: Subscribed to topic '/ndt_pose'
[INFO] [1787248699.177165907] [rosbag2_recorder]: Subscribed to topic '/commands/motor/current'
[INFO] [1787248699.177329876] [rosbag2_recorder]: All requested topics are subscribed. Stopping discovery...
[INFO] [1787248711.716503534] [rosbag2_cpp]: Writing remaining messages from cache to the bag. It may take a while
[INFO] [1787248711.720050500] [rosbag2_recorder]: Event publisher thread: Exiting
[INFO] [1787248711.720763785] [rosbag2_recorder]: Recording stopped
