[record_sysid] 저장: /home/misys/forza_ws/race_stack//home/misys/forza_ws/race_stack/sysid_circle_0821_061304/bag  (토픽 17개)
stdin is not a terminal device. Keyboard handling disabled.[INFO] [1787260403.640693091] [rosbag2_recorder]: Press SPACE for pausing/resuming
[INFO] [1787260403.647441313] [rosbag2_storage]: Opened database '/home/misys/forza_ws/race_stack/sysid_circle_0821_061304/bag/bag_0.db3' for READ_WRITE.
[INFO] [1787260403.651240635] [rosbag2_recorder]: Listening for topics...
[INFO] [1787260403.651258587] [rosbag2_recorder]: Event publisher thread: Starting
[INFO] [1787260403.651845781] [rosbag2_recorder]: Recording...
[INFO] [1787260403.775417011] [rosbag2_recorder]: Subscribed to topic '/ekf_odom'
[INFO] [1787260403.780964284] [rosbag2_recorder]: Subscribed to topic '/ekf_pose'
[INFO] [1787260403.789687846] [rosbag2_recorder]: Subscribed to topic '/joy'
[INFO] [1787260403.794345112] [rosbag2_recorder]: Subscribed to topic '/sensors/core'
[INFO] [1787260403.799329287] [rosbag2_recorder]: Subscribed to topic '/odom'
[INFO] [1787260403.804382133] [rosbag2_recorder]: Subscribed to topic '/sensors/imu'
[INFO] [1787260403.809067687] [rosbag2_recorder]: Subscribed to topic '/sensors/imu/raw'
[INFO] [1787260403.813155327] [rosbag2_recorder]: Subscribed to topic '/sensors/servo_position_command'
[INFO] [1787260403.821670475] [rosbag2_recorder]: Subscribed to topic '/tf'
[INFO] [1787260403.826481083] [rosbag2_recorder]: Subscribed to topic '/tf_static'
[INFO] [1787260403.939323330] [rosbag2_recorder]: Subscribed to topic '/ndt_pose'
[INFO] [1787260404.389711885] [rosbag2_recorder]: Subscribed to topic '/drive'
[INFO] [1787260404.623207185] [rosbag2_recorder]: Subscribed to topic '/car_state/pose'
[INFO] [1787260404.629429907] [rosbag2_recorder]: Subscribed to topic '/car_state/odom'
[INFO] [1787260405.213142783] [rosbag2_recorder]: Subscribed to topic '/commands/servo/position'
[INFO] [1787260405.217239287] [rosbag2_recorder]: Subscribed to topic '/commands/motor/current'
[INFO] [1787260405.221872009] [rosbag2_recorder]: Subscribed to topic '/commands/motor/speed'
[INFO] [1787260405.221968200] [rosbag2_recorder]: All requested topics are subscribed. Stopping discovery...
[INFO] [1787260440.830026477] [rosbag2_cpp]: Writing remaining messages from cache to the bag. It may take a while
[INFO] [1787260440.832588341] [rosbag2_recorder]: Event publisher thread: Exiting
[INFO] [1787260440.832727508] [rosbag2_recorder]: Recording stopped
