[record_sysid] 저장: /home/misys/forza_ws/race_stack//home/misys/forza_ws/race_stack/sysid_circle_0821_061435/bag  (토픽 17개)
stdin is not a terminal device. Keyboard handling disabled.[INFO] [1787260493.174750253] [rosbag2_recorder]: Press SPACE for pausing/resuming
[INFO] [1787260493.182967970] [rosbag2_storage]: Opened database '/home/misys/forza_ws/race_stack/sysid_circle_0821_061435/bag/bag_0.db3' for READ_WRITE.
[INFO] [1787260493.189808708] [rosbag2_recorder]: Listening for topics...
[INFO] [1787260493.190853850] [rosbag2_recorder]: Recording...
[INFO] [1787260493.189814436] [rosbag2_recorder]: Event publisher thread: Starting
[INFO] [1787260493.303716697] [rosbag2_recorder]: Subscribed to topic '/car_state/odom'
[INFO] [1787260493.309644323] [rosbag2_recorder]: Subscribed to topic '/car_state/pose'
[INFO] [1787260493.313133315] [rosbag2_recorder]: Subscribed to topic '/commands/motor/speed'
[INFO] [1787260493.316442149] [rosbag2_recorder]: Subscribed to topic '/commands/servo/position'
[INFO] [1787260493.322893610] [rosbag2_recorder]: Subscribed to topic '/drive'
[INFO] [1787260493.329597005] [rosbag2_recorder]: Subscribed to topic '/tf_static'
[INFO] [1787260493.656352212] [rosbag2_recorder]: Subscribed to topic '/ekf_odom'
[INFO] [1787260493.661237160] [rosbag2_recorder]: Subscribed to topic '/tf'
[INFO] [1787260493.667653069] [rosbag2_recorder]: Subscribed to topic '/ekf_pose'
[INFO] [1787260494.231697353] [rosbag2_recorder]: Subscribed to topic '/sensors/imu/raw'
[INFO] [1787260494.235977314] [rosbag2_recorder]: Subscribed to topic '/sensors/imu'
[INFO] [1787260494.241580271] [rosbag2_recorder]: Subscribed to topic '/odom'
[INFO] [1787260494.245676938] [rosbag2_recorder]: Subscribed to topic '/ndt_pose'
[INFO] [1787260494.250134658] [rosbag2_recorder]: Subscribed to topic '/sensors/core'
[INFO] [1787260494.254717208] [rosbag2_recorder]: Subscribed to topic '/joy'
[INFO] [1787260494.259315854] [rosbag2_recorder]: Subscribed to topic '/sensors/servo_position_command'
[INFO] [1787260496.727560214] [rosbag2_recorder]: Subscribed to topic '/commands/motor/current'
[INFO] [1787260496.727818228] [rosbag2_recorder]: All requested topics are subscribed. Stopping discovery...
[INFO] [1787260530.425732565] [rosbag2_cpp]: Writing remaining messages from cache to the bag. It may take a while
[INFO] [1787260530.428728634] [rosbag2_recorder]: Event publisher thread: Exiting
[INFO] [1787260530.428973432] [rosbag2_recorder]: Recording stopped
