[record_sysid] 저장: /home/misys/forza_ws/race_stack//home/misys/forza_ws/race_stack/sysid_circle_0821_061854/bag  (토픽 17개)
stdin is not a terminal device. Keyboard handling disabled.[INFO] [1787260755.228459400] [rosbag2_recorder]: Press SPACE for pausing/resuming
[INFO] [1787260755.232660809] [rosbag2_storage]: Opened database '/home/misys/forza_ws/race_stack/sysid_circle_0821_061854/bag/bag_0.db3' for READ_WRITE.
[INFO] [1787260755.234097662] [rosbag2_recorder]: Listening for topics...
[INFO] [1787260755.234128542] [rosbag2_recorder]: Event publisher thread: Starting
[INFO] [1787260755.234343676] [rosbag2_recorder]: Recording...
[INFO] [1787260755.440474807] [rosbag2_recorder]: Subscribed to topic '/drive'
[INFO] [1787260755.652515397] [rosbag2_recorder]: Subscribed to topic '/car_state/odom'
[INFO] [1787260755.657176387] [rosbag2_recorder]: Subscribed to topic '/car_state/pose'
[INFO] [1787260756.809187104] [rosbag2_recorder]: Subscribed to topic '/sensors/core'
[INFO] [1787260756.811233745] [rosbag2_recorder]: Subscribed to topic '/sensors/imu'
[INFO] [1787260756.815179923] [rosbag2_recorder]: Subscribed to topic '/sensors/imu/raw'
[INFO] [1787260756.817986174] [rosbag2_recorder]: Subscribed to topic '/sensors/servo_position_command'
[INFO] [1787260757.154614603] [rosbag2_recorder]: Subscribed to topic '/commands/motor/speed'
[INFO] [1787260757.160169698] [rosbag2_recorder]: Subscribed to topic '/commands/servo/position'
[INFO] [1787260757.167617738] [rosbag2_recorder]: Subscribed to topic '/tf'
[INFO] [1787260757.173655037] [rosbag2_recorder]: Subscribed to topic '/joy'
[INFO] [1787260757.181988287] [rosbag2_recorder]: Subscribed to topic '/odom'
[INFO] [1787260757.188009202] [rosbag2_recorder]: Subscribed to topic '/tf_static'
[INFO] [1787260757.309484807] [rosbag2_recorder]: Subscribed to topic '/ndt_pose'
[INFO] [1787260757.313328970] [rosbag2_recorder]: Subscribed to topic '/ekf_odom'
[INFO] [1787260757.317175501] [rosbag2_recorder]: Subscribed to topic '/ekf_pose'
[INFO] [1787260757.710294421] [rosbag2_recorder]: Subscribed to topic '/commands/motor/current'
[INFO] [1787260757.710393076] [rosbag2_recorder]: All requested topics are subscribed. Stopping discovery...
[INFO] [1787260792.891839020] [rosbag2_cpp]: Writing remaining messages from cache to the bag. It may take a while
[INFO] [1787260792.894570296] [rosbag2_recorder]: Event publisher thread: Exiting
[INFO] [1787260792.894908118] [rosbag2_recorder]: Recording stopped
