[record_sysid] 저장: /home/misys/forza_ws/race_stack//home/misys/forza_ws/race_stack/sysid_circle_0821_061548/bag  (토픽 17개)
stdin is not a terminal device. Keyboard handling disabled.[INFO] [1787260564.246665539] [rosbag2_recorder]: Press SPACE for pausing/resuming
[INFO] [1787260564.251261147] [rosbag2_storage]: Opened database '/home/misys/forza_ws/race_stack/sysid_circle_0821_061548/bag/bag_0.db3' for READ_WRITE.
[INFO] [1787260564.253007084] [rosbag2_recorder]: Listening for topics...
[INFO] [1787260564.253015180] [rosbag2_recorder]: Event publisher thread: Starting
[INFO] [1787260564.253500776] [rosbag2_recorder]: Recording...
[INFO] [1787260565.802359512] [rosbag2_recorder]: Subscribed to topic '/sensors/servo_position_command'
[INFO] [1787260565.816585150] [rosbag2_recorder]: Subscribed to topic '/sensors/imu/raw'
[INFO] [1787260565.824154462] [rosbag2_recorder]: Subscribed to topic '/tf_static'
[INFO] [1787260565.831309024] [rosbag2_recorder]: Subscribed to topic '/tf'
[INFO] [1787260565.839693497] [rosbag2_recorder]: Subscribed to topic '/drive'
[INFO] [1787260565.846226177] [rosbag2_recorder]: Subscribed to topic '/car_state/odom'
[INFO] [1787260565.858857909] [rosbag2_recorder]: Subscribed to topic '/car_state/pose'
[INFO] [1787260565.866094103] [rosbag2_recorder]: Subscribed to topic '/commands/motor/speed'
[INFO] [1787260565.871046508] [rosbag2_recorder]: Subscribed to topic '/commands/motor/current'
[INFO] [1787260565.882922087] [rosbag2_recorder]: Subscribed to topic '/sensors/imu'
[INFO] [1787260565.897205516] [rosbag2_recorder]: Subscribed to topic '/commands/servo/position'
[INFO] [1787260565.910516410] [rosbag2_recorder]: Subscribed to topic '/ekf_pose'
[INFO] [1787260565.915127507] [rosbag2_recorder]: Subscribed to topic '/joy'
[INFO] [1787260565.920152712] [rosbag2_recorder]: Subscribed to topic '/ekf_odom'
[INFO] [1787260565.923641930] [rosbag2_recorder]: Subscribed to topic '/sensors/core'
[INFO] [1787260566.044409056] [rosbag2_recorder]: Subscribed to topic '/ndt_pose'
[INFO] [1787260566.048560669] [rosbag2_recorder]: Subscribed to topic '/odom'
[INFO] [1787260566.048658652] [rosbag2_recorder]: All requested topics are subscribed. Stopping discovery...
[INFO] [1787260601.460345070] [rosbag2_cpp]: Writing remaining messages from cache to the bag. It may take a while
[INFO] [1787260601.462928601] [rosbag2_recorder]: Event publisher thread: Exiting
[INFO] [1787260601.463143063] [rosbag2_recorder]: Recording stopped
