[record_sysid] 저장: /home/misys/forza_ws/race_stack//home/misys/forza_ws/race_stack/sysid_step_0821_025652/bag  (토픽 17개)
stdin is not a terminal device. Keyboard handling disabled.[INFO] [1787248629.170405281] [rosbag2_recorder]: Press SPACE for pausing/resuming
[INFO] [1787248629.179026104] [rosbag2_storage]: Opened database '/home/misys/forza_ws/race_stack/sysid_step_0821_025652/bag/bag_0.db3' for READ_WRITE.
[INFO] [1787248629.187386827] [rosbag2_recorder]: Listening for topics...
[INFO] [1787248629.188713401] [rosbag2_recorder]: Event publisher thread: Starting
[INFO] [1787248629.209691307] [rosbag2_recorder]: Subscribed to topic '/joy'
[INFO] [1787248629.210300209] [rosbag2_recorder]: Recording...
[INFO] [1787248629.221331232] [rosbag2_recorder]: Subscribed to topic '/sensors/core'
[INFO] [1787248629.227072761] [rosbag2_recorder]: Subscribed to topic '/odom'
[INFO] [1787248629.231076129] [rosbag2_recorder]: Subscribed to topic '/sensors/imu'
[INFO] [1787248629.235193034] [rosbag2_recorder]: Subscribed to topic '/sensors/imu/raw'
[INFO] [1787248629.240527520] [rosbag2_recorder]: Subscribed to topic '/sensors/servo_position_command'
[INFO] [1787248629.247183907] [rosbag2_recorder]: Subscribed to topic '/tf'
[INFO] [1787248630.133306829] [rosbag2_recorder]: Subscribed to topic '/ekf_odom'
[INFO] [1787248630.143372658] [rosbag2_recorder]: Subscribed to topic '/ekf_pose'
[INFO] [1787248630.267405543] [rosbag2_recorder]: Subscribed to topic '/commands/servo/position'
[INFO] [1787248630.280352872] [rosbag2_recorder]: Subscribed to topic '/ndt_pose'
[INFO] [1787248630.293525739] [rosbag2_recorder]: Subscribed to topic '/drive'
[INFO] [1787248630.301994208] [rosbag2_recorder]: Subscribed to topic '/commands/motor/speed'
[INFO] [1787248630.308803139] [rosbag2_recorder]: Subscribed to topic '/car_state/pose'
[INFO] [1787248630.314078552] [rosbag2_recorder]: Subscribed to topic '/car_state/odom'
[INFO] [1787248630.320028819] [rosbag2_recorder]: Subscribed to topic '/tf_static'
[INFO] [1787248630.892926340] [rosbag2_recorder]: Subscribed to topic '/commands/motor/current'
[INFO] [1787248630.893050437] [rosbag2_recorder]: All requested topics are subscribed. Stopping discovery...
[INFO] [1787248647.411197428] [rosbag2_cpp]: Writing remaining messages from cache to the bag. It may take a while
[INFO] [1787248647.413890732] [rosbag2_recorder]: Event publisher thread: Exiting
[INFO] [1787248647.414124847] [rosbag2_recorder]: Recording stopped
