[record_sysid] 저장: /home/misys/forza_ws/race_stack//home/misys/forza_ws/race_stack/sysid_const_0821_025042/bag  (토픽 17개)
stdin is not a terminal device. Keyboard handling disabled.[INFO] [1787248259.157522296] [rosbag2_recorder]: Press SPACE for pausing/resuming
[INFO] [1787248259.164520476] [rosbag2_storage]: Opened database '/home/misys/forza_ws/race_stack/sysid_const_0821_025042/bag/bag_0.db3' for READ_WRITE.
[INFO] [1787248259.173029343] [rosbag2_recorder]: Listening for topics...
[INFO] [1787248259.173060254] [rosbag2_recorder]: Event publisher thread: Starting
[INFO] [1787248259.188458535] [rosbag2_recorder]: Subscribed to topic '/car_state/pose'
[INFO] [1787248259.204079403] [rosbag2_recorder]: Subscribed to topic '/car_state/odom'
[INFO] [1787248259.204515906] [rosbag2_recorder]: Recording...
[INFO] [1787248259.217641278] [rosbag2_recorder]: Subscribed to topic '/ekf_odom'
[INFO] [1787248259.224138317] [rosbag2_recorder]: Subscribed to topic '/ekf_pose'
[INFO] [1787248259.232651215] [rosbag2_recorder]: Subscribed to topic '/tf'
[INFO] [1787248259.236582776] [rosbag2_recorder]: Subscribed to topic '/tf_static'
[INFO] [1787248260.195989583] [rosbag2_recorder]: Subscribed to topic '/joy'
[INFO] [1787248260.205353758] [rosbag2_recorder]: Subscribed to topic '/ndt_pose'
[INFO] [1787248260.213139825] [rosbag2_recorder]: Subscribed to topic '/odom'
[INFO] [1787248260.220172725] [rosbag2_recorder]: Subscribed to topic '/sensors/imu/raw'
[INFO] [1787248260.345964198] [rosbag2_recorder]: Subscribed to topic '/sensors/imu'
[INFO] [1787248260.351170866] [rosbag2_recorder]: Subscribed to topic '/commands/servo/position'
[INFO] [1787248260.356036422] [rosbag2_recorder]: Subscribed to topic '/sensors/core'
[INFO] [1787248260.363152391] [rosbag2_recorder]: Subscribed to topic '/drive'
[INFO] [1787248260.368231798] [rosbag2_recorder]: Subscribed to topic '/commands/motor/speed'
[INFO] [1787248260.374228401] [rosbag2_recorder]: Subscribed to topic '/sensors/servo_position_command'
[INFO] [1787248262.732106611] [rosbag2_recorder]: Subscribed to topic '/commands/motor/current'
[INFO] [1787248262.732254767] [rosbag2_recorder]: All requested topics are subscribed. Stopping discovery...
[INFO] [1787248274.132154991] [rosbag2_cpp]: Writing remaining messages from cache to the bag. It may take a while
[INFO] [1787248274.137539096] [rosbag2_recorder]: Event publisher thread: Exiting
[INFO] [1787248274.137704564] [rosbag2_recorder]: Recording stopped
